test_candidate_ids_are_normalized_after_research (automation.tests.test_editorial_policy.EditorialPolicyTests.test_candidate_ids_are_normalized_after_research) ... ok
test_candidate_order_is_resolved_from_story_links (automation.tests.test_editorial_policy.EditorialPolicyTests.test_candidate_order_is_resolved_from_story_links) ... ok
test_dzen_block_is_exact_and_unique (automation.tests.test_editorial_policy.EditorialPolicyTests.test_dzen_block_is_exact_and_unique) ... ok
test_meta_first_mention_and_footnote (automation.tests.test_editorial_policy.EditorialPolicyTests.test_meta_first_mention_and_footnote) ... ok
test_normal_digest_has_no_short_notice (automation.tests.test_editorial_policy.EditorialPolicyTests.test_normal_digest_has_no_short_notice) ... ok
test_paragraph_count_is_enforced (automation.tests.test_editorial_policy.EditorialPolicyTests.test_paragraph_count_is_enforced) ... ok
test_short_digest_notice_and_dzen_are_normalized (automation.tests.test_editorial_policy.EditorialPolicyTests.test_short_digest_notice_and_dzen_are_normalized) ... ok
test_update_prefix_is_deterministic (automation.tests.test_editorial_policy.EditorialPolicyTests.test_update_prefix_is_deterministic) ... ok
test_all_declared_scenarios_pass (automation.tests.test_editorial_scenarios.EditorialScenarioMatrixTests.test_all_declared_scenarios_pass) ... ok
test_editorial_contract_matches_repository (automation.tests.test_editorial_contract_sync.EditorialContractSyncTests.test_editorial_contract_matches_repository) ... ok
test_main_ci_runs_editorial_contract_validator (automation.tests.test_editorial_contract_sync.EditorialContractSyncTests.test_main_ci_runs_editorial_contract_validator) ... ok
test_complete_zero_pool_becomes_healthy_editorial_stop (automation.tests.test_editorial_stop_semantics.EditorialStopRuntimeTests.test_complete_zero_pool_becomes_healthy_editorial_stop) ... ok
test_current_sentinel_is_required (automation.tests.test_editorial_stop_semantics.EditorialStopRuntimeTests.test_current_sentinel_is_required) ... ok
test_incomplete_audit_is_never_promoted (automation.tests.test_editorial_stop_semantics.EditorialStopRuntimeTests.test_incomplete_audit_is_never_promoted) ... ok
test_successful_editorial_stop_has_non_error_summary (automation.tests.test_editorial_stop_semantics.EditorialStopSummaryTests.test_successful_editorial_stop_has_non_error_summary) ... ok
test_docs_define_green_no_publish_contract (automation.tests.test_editorial_stop_semantics.EditorialStopWorkflowContractTests.test_docs_define_green_no_publish_contract) ... ok
test_workflow_skips_post_coverage_publication_stages (automation.tests.test_editorial_stop_semantics.EditorialStopWorkflowContractTests.test_workflow_skips_post_coverage_publication_stages) ... ok
test_all_policy_consumers_use_shared_runtime (automation.tests.test_runtime_contract_compatibility.RuntimeContractCompatibilityTests.test_all_policy_consumers_use_shared_runtime) ... ok
test_digest_wrapper_keeps_historical_agent_helper (automation.tests.test_runtime_contract_compatibility.RuntimeContractCompatibilityTests.test_digest_wrapper_keeps_historical_agent_helper) ... ok
test_legacy_prompt_is_migrated_in_every_known_payload (automation.tests.test_production_reliability_patch.DigestArtifactNormalizationTests.test_legacy_prompt_is_migrated_in_every_known_payload) ... ok
test_complete_editorial_source_wins_over_incomplete_image_copy (automation.tests.test_production_reliability_patch.DigestArtifactRecoveryTests.test_complete_editorial_source_wins_over_incomplete_image_copy) ... ok
test_previous_day_recovery_is_rejected (automation.tests.test_production_reliability_patch.DigestArtifactRecoveryTests.test_previous_day_recovery_is_rejected) ... ok
test_invalid_manifest_stops_before_transport (automation.tests.test_production_reliability_patch.ProductionImageHandoffTests.test_invalid_manifest_stops_before_transport) ... ok
test_legacy_image_source_remains_supported (automation.tests.test_production_reliability_patch.ProductionImageHandoffTests.test_legacy_image_source_remains_supported) ... ok
test_production_manifest_reaches_transport_once (automation.tests.test_production_reliability_patch.ProductionImageHandoffTests.test_production_manifest_reaches_transport_once) ... ok
test_production_request_builder_sets_manifest (automation.tests.test_production_reliability_patch.ProductionImageHandoffTests.test_production_request_builder_sets_manifest) ... ok
test_primary_cron_gate_and_recovery_are_present (automation.tests.test_production_reliability_patch.ProductionWorkflowReliabilityTests.test_primary_cron_gate_and_recovery_are_present) ... ok
test_runtime_outputs_do_not_block_publish_commit (automation.tests.test_production_reliability_patch.PublishChangeValidationTests.test_runtime_outputs_do_not_block_publish_commit) ... ok
test_unexpected_change_is_rejected (automation.tests.test_production_reliability_patch.PublishChangeValidationTests.test_unexpected_change_is_rejected) ... ok
test_config_workflow_and_editorial_thresholds_are_synchronized (automation.tests.test_production_contract_sync.ProductionContractSyncTests.test_config_workflow_and_editorial_thresholds_are_synchronized) ... ok
test_documentation_tracks_current_production_contract (automation.tests.test_production_contract_sync.ProductionContractSyncTests.test_documentation_tracks_current_production_contract) ... ok
test_same_contract_validator_used_by_ci_accepts_repository (automation.tests.test_production_contract_sync.ProductionContractSyncTests.test_same_contract_validator_used_by_ci_accepts_repository) ... ok
test_missing_diversity_override_still_fails (automation.tests.test_sep09_editorial_regional_stop.Sep09EditorialRegionalStopTests.test_missing_diversity_override_still_fails) ... ok
test_no_selected_story_still_fails (automation.tests.test_sep09_editorial_regional_stop.Sep09EditorialRegionalStopTests.test_no_selected_story_still_fails) ... ok
test_preliminary_include_or_consider_does_not_create_regional_quota (automation.tests.test_sep09_editorial_regional_stop.Sep09EditorialRegionalStopTests.test_preliminary_include_or_consider_does_not_create_regional_quota) ... ok
test_saved_seven_story_editorial_passes_without_inserting_weak_lead (automation.tests.test_sep09_editorial_regional_stop.Sep09EditorialRegionalStopTests.test_saved_seven_story_editorial_passes_without_inserting_weak_lead) ... ok
test_selected_excluded_candidate_still_fails (automation.tests.test_sep09_editorial_regional_stop.Sep09EditorialRegionalStopTests.test_selected_excluded_candidate_still_fails) ... ok
test_selected_russian_story_still_requires_its_section (automation.tests.test_sep09_editorial_regional_stop.Sep09EditorialRegionalStopTests.test_selected_russian_story_still_requires_its_section) ... ok
test_unassigned_candidate_still_fails (automation.tests.test_sep09_editorial_regional_stop.Sep09EditorialRegionalStopTests.test_unassigned_candidate_still_fails) ... ok
test_unknown_article_source_still_fails (automation.tests.test_sep09_editorial_regional_stop.Sep09EditorialRegionalStopTests.test_unknown_article_source_still_fails) ... ok
test_unknown_candidate_still_fails (automation.tests.test_sep09_editorial_regional_stop.Sep09EditorialRegionalStopTests.test_unknown_candidate_still_fails) ... ok
test_weak_or_excluded_lead_does_not_trigger_regional_warning (automation.tests.test_sep09_editorial_regional_stop.Sep09EditorialRegionalStopTests.test_weak_or_excluded_lead_does_not_trigger_regional_warning) ... ok
test_primary_identity_survives_when_reuters_url_moves_to_supporting_source (automation.tests.test_agency_health_viability.AgencyHealthPureTests.test_primary_identity_survives_when_reuters_url_moves_to_supporting_source) ... ok
test_stale_primary_agency_survivor_reopens_rescue (automation.tests.test_agency_health_viability.AgencyHealthPureTests.test_stale_primary_agency_survivor_reopens_rescue) ... ok
test_unrelated_pulse_same_title_cannot_impersonate_primary_agency_candidate (automation.tests.test_agency_health_viability.AgencyHealthPureTests.test_unrelated_pulse_same_title_cannot_impersonate_primary_agency_candidate) ... ok
test_viable_primary_agency_survivor_suppresses_rescue (automation.tests.test_agency_health_viability.AgencyHealthPureTests.test_viable_primary_agency_survivor_suppresses_rescue) ... ok
test_old_zero_spend_not_triggered_is_rechecked_and_uses_existing_slot_once (automation.tests.test_agency_health_viability.AgencyHealthRuntimeTests.test_old_zero_spend_not_triggered_is_rechecked_and_uses_existing_slot_once) ... ok
test_recovery_planner_reopens_old_not_triggered_without_repeating_spent_search (automation.tests.test_agency_health_viability.AgencyHealthRuntimeTests.test_recovery_planner_reopens_old_not_triggered_without_repeating_spent_search) ... ok
test_search_started_remains_at_most_once_even_when_health_now_triggers (automation.tests.test_agency_health_viability.AgencyHealthRuntimeTests.test_search_started_remains_at_most_once_even_when_health_now_triggers) ... ok
test_completed_audit_is_restored_for_manual_recovery (automation.tests.test_recovery_completed_audit.CompletedCoverageAuditRecoveryTests.test_completed_audit_is_restored_for_manual_recovery) ... ok
test_incomplete_or_wrong_date_audit_is_not_restored (automation.tests.test_recovery_completed_audit.CompletedCoverageAuditRecoveryTests.test_incomplete_or_wrong_date_audit_is_not_restored) ... ok
test_legacy_six_over_five_attempt_is_restored_without_repeat (automation.tests.test_recovery_completed_audit.CompletedCoverageAuditRecoveryTests.test_legacy_six_over_five_attempt_is_restored_without_repeat) ... ok

----------------------------------------------------------------------
Ran 52 tests in 0.235s

OK
Image preflight: ok; calling Images API once.
Image preflight: ok; calling Images API once.
